=== BROWSER CONSOLE VERIFICATION LOG ===
Timestamp: 2026-10-06T16:19:19.585Z
Target: http://localhost:8080/index.html
User Agent: HeadlessChrome/154.0.8037.98 (macOS)
Viewport: 1440x900 (deviceScaleFactor: 2)

=== DOM INITIALIZATION & INTERACTION AUDIT ===
Page Title: Andrew Strachan — Project Atlas
Invasion Hero Present: true
Hero Section Present: true
Map Stage Present: true
Rover Present: true
Rover Initial Position: left=44%, top=43%
Rover Interaction Test: landmark="AI TUTOR" -> left=61%, top=20%, title="MaqkrsTutor"

=== RECORDED CONSOLE ENTRIES ===
(No console messages logged - clean execution)

=== ERROR & EXCEPTION SUMMARY ===
Uncaught Exceptions: 0
Console Errors: 0
Network Failures: 0
Total Errors: 0

=== VERIFICATION RESULT ===
VERIFICATION PASSED: 0 UNCAUGHT ERRORS, 0 CONSOLE ERRORS
